// Jest Snapshot v1, https://goo.gl/fbAQLP

exports[`Create Component it matches the snapshot 1`] = `
<div
  className="styles__Row-sc-18xwbcb-2 MjgCm"
>
  <div
    className="styles__Row-sc-18xwbcb-2 MjgCm"
  >
    <div
      className="styles__Col-sc-18xwbcb-1 cOYgjR"
    >
      <a
        href="/users"
        onClick={[Function]}
      >
        <div
          className="styles__Button-sc-18xwbcb-5 styles__ButtonPrimary-sc-18xwbcb-6 YFSZa"
        >
          Back
        </div>
      </a>
    </div>
  </div>
  <div
    className="styles__FormDiv-sc-18xwbcb-10 hMsRmX"
  >
    <form
      onSubmit={[Function]}
    >
      <div>
        <h3>
          Create a New Employee record
        </h3>
      </div>
      <div
        className="styles__Row-sc-18xwbcb-2 MjgCm"
      >
        <div
          className="styles__Col-sc-18xwbcb-1 cOYgjR"
        >
          <label>
            Employee Number
          </label>
        </div>
        <div
          className="styles__Col-sc-18xwbcb-1 cOYgjR"
        >
          <input
            className="styles__Input-sc-18xwbcb-12 jqkTFa"
            id="employeeId"
            name="employeeId"
            type="text"
          />
        </div>
      </div>
      <div
        className="styles__Row-sc-18xwbcb-2 MjgCm"
      >
        <div
          className="styles__Col-sc-18xwbcb-1 cOYgjR"
        >
          <label>
            First Name
          </label>
        </div>
        <div
          className="styles__Col-sc-18xwbcb-1 cOYgjR"
        >
          <input
            className="styles__Input-sc-18xwbcb-12 jqkTFa"
            id="firstName"
            name="firstName"
            type="text"
          />
        </div>
      </div>
      <div
        className="styles__Row-sc-18xwbcb-2 MjgCm"
      >
        <div
          className="styles__Col-sc-18xwbcb-1 cOYgjR"
        >
          <label>
            Last Name
          </label>
        </div>
        <div
          className="styles__Col-sc-18xwbcb-1 cOYgjR"
        >
          <input
            className="styles__Input-sc-18xwbcb-12 jqkTFa"
            id="lastName"
            name="lastName"
            type="text"
          />
        </div>
      </div>
      <div
        className="styles__Row-sc-18xwbcb-2 MjgCm"
      >
        <div
          className="styles__Col-sc-18xwbcb-1 cOYgjR"
        >
          <label>
            Mobile
          </label>
        </div>
        <div
          className="styles__Col-sc-18xwbcb-1 cOYgjR"
        >
          <input
            className="styles__Input-sc-18xwbcb-12 jqkTFa"
            id="mobile"
            name="mobile"
            type="text"
          />
        </div>
      </div>
      <div
        className="styles__Row-sc-18xwbcb-2 MjgCm"
      >
        <div
          className="styles__Col-sc-18xwbcb-1 cOYgjR"
        >
          <label>
            Email
          </label>
        </div>
        <div
          className="styles__Col-sc-18xwbcb-1 cOYgjR"
        >
          <input
            className="styles__Input-sc-18xwbcb-12 jqkTFa"
            id="email"
            name="email"
            type="text"
          />
        </div>
      </div>
      <div
        className="styles__Row-sc-18xwbcb-2 MjgCm"
      >
        <div
          className="styles__Col-sc-18xwbcb-1 cOYgjR"
        >
          <button
            className="styles__SubmitButton-sc-18xwbcb-11 ftzQju"
            style={Object {}}
          >
            Add User
          </button>
        </div>
      </div>
    </form>
  </div>
</div>
`;
