// Jest Snapshot v1, https://goo.gl/fbAQLP

exports[`Notification Component it matches the snapshot 1`] = `
<div
  className="styles__Alert-sc-18xwbcb-13 lbQqls"
>
  <div
    className="styles__Row-sc-18xwbcb-2 MjgCm"
  >
    <strong>
      Message Check
    </strong>
  </div>
</div>
`;
